###############################################################################
#
# IAR ELF Linker V8.30.1.114/W32 for ARM                  07/Apr/2020  11:46:32
# Copyright 2007-2018 IAR Systems AB.
#
#    Output file  =  
#        C:\Users\JinZhaoxiang\Desktop\飞卡\复兴三号—KV58版(省赛)\iar\debug\myProject.out
#    Map file     =  
#        C:\Users\JinZhaoxiang\Desktop\飞卡\复兴三号—KV58版(省赛)\iar\debug\list\myProject.map
#    Command line =  
#        -f C:\Users\JINZHA~1\AppData\Local\Temp\EWED24.tmp
#        ("C:\Users\JinZhaoxiang\Desktop\飞卡\复兴三号—KV58版(省赛)\iar\debug\obj\board.o"
#        "C:\Users\JinZhaoxiang\Desktop\飞卡\复兴三号—KV58版(省赛)\iar\debug\obj\bsp_my_oled.o"
#        "C:\Users\JinZhaoxiang\Desktop\飞卡\复兴三号—KV58版(省赛)\iar\debug\obj\bsp_oled.o"
#        "C:\Users\JinZhaoxiang\Desktop\飞卡\复兴三号—KV58版(省赛)\iar\debug\obj\Camera.o"
#        "C:\Users\JinZhaoxiang\Desktop\飞卡\复兴三号—KV58版(省赛)\iar\debug\obj\clock_config.o"
#        "C:\Users\JinZhaoxiang\Desktop\飞卡\复兴三号—KV58版(省赛)\iar\debug\obj\dma.o"
#        "C:\Users\JinZhaoxiang\Desktop\飞卡\复兴三号—KV58版(省赛)\iar\debug\obj\fsl_clock.o"
#        "C:\Users\JinZhaoxiang\Desktop\飞卡\复兴三号—KV58版(省赛)\iar\debug\obj\fsl_common.o"
#        "C:\Users\JinZhaoxiang\Desktop\飞卡\复兴三号—KV58版(省赛)\iar\debug\obj\fsl_debug_console.o"
#        "C:\Users\JinZhaoxiang\Desktop\飞卡\复兴三号—KV58版(省赛)\iar\debug\obj\fsl_dmamux.o"
#        "C:\Users\JinZhaoxiang\Desktop\飞卡\复兴三号—KV58版(省赛)\iar\debug\obj\fsl_edma.o"
#        "C:\Users\JinZhaoxiang\Desktop\飞卡\复兴三号—KV58版(省赛)\iar\debug\obj\fsl_flash.o"
#        "C:\Users\JinZhaoxiang\Desktop\飞卡\复兴三号—KV58版(省赛)\iar\debug\obj\fsl_flexbus.o"
#        "C:\Users\JinZhaoxiang\Desktop\飞卡\复兴三号—KV58版(省赛)\iar\debug\obj\fsl_ftm.o"
#        "C:\Users\JinZhaoxiang\Desktop\飞卡\复兴三号—KV58版(省赛)\iar\debug\obj\fsl_gpio.o"
#        "C:\Users\JinZhaoxiang\Desktop\飞卡\复兴三号—KV58版(省赛)\iar\debug\obj\fsl_i2c.o"
#        "C:\Users\JinZhaoxiang\Desktop\飞卡\复兴三号—KV58版(省赛)\iar\debug\obj\fsl_lptmr.o"
#        "C:\Users\JinZhaoxiang\Desktop\飞卡\复兴三号—KV58版(省赛)\iar\debug\obj\fsl_pit.o"
#        "C:\Users\JinZhaoxiang\Desktop\飞卡\复兴三号—KV58版(省赛)\iar\debug\obj\fsl_pwm.o"
#        "C:\Users\JinZhaoxiang\Desktop\飞卡\复兴三号—KV58版(省赛)\iar\debug\obj\fsl_shell.o"
#        "C:\Users\JinZhaoxiang\Desktop\飞卡\复兴三号—KV58版(省赛)\iar\debug\obj\fsl_smc.o"
#        "C:\Users\JinZhaoxiang\Desktop\飞卡\复兴三号—KV58版(省赛)\iar\debug\obj\fsl_sysmpu.o"
#        "C:\Users\JinZhaoxiang\Desktop\飞卡\复兴三号—KV58版(省赛)\iar\debug\obj\fsl_uart.o"
#        "C:\Users\JinZhaoxiang\Desktop\飞卡\复兴三号—KV58版(省赛)\iar\debug\obj\fsl_wdog.o"
#        "C:\Users\JinZhaoxiang\Desktop\飞卡\复兴三号—KV58版(省赛)\iar\debug\obj\gpio.o"
#        "C:\Users\JinZhaoxiang\Desktop\飞卡\复兴三号—KV58版(省赛)\iar\debug\obj\i2c.o"
#        "C:\Users\JinZhaoxiang\Desktop\飞卡\复兴三号—KV58版(省赛)\iar\debug\obj\ImageInformation.o"
#        "C:\Users\JinZhaoxiang\Desktop\飞卡\复兴三号—KV58版(省赛)\iar\debug\obj\key.o"
#        "C:\Users\JinZhaoxiang\Desktop\飞卡\复兴三号—KV58版(省赛)\iar\debug\obj\main.o"
#        "C:\Users\JinZhaoxiang\Desktop\飞卡\复兴三号—KV58版(省赛)\iar\debug\obj\ov7725.o"
#        "C:\Users\JinZhaoxiang\Desktop\飞卡\复兴三号—KV58版(省赛)\iar\debug\obj\pin_mux.o"
#        "C:\Users\JinZhaoxiang\Desktop\飞卡\复兴三号—KV58版(省赛)\iar\debug\obj\ServoControl.o"
#        "C:\Users\JinZhaoxiang\Desktop\飞卡\复兴三号—KV58版(省赛)\iar\debug\obj\speed.o"
#        "C:\Users\JinZhaoxiang\Desktop\飞卡\复兴三号—KV58版(省赛)\iar\debug\obj\startup_MKV58F24.o"
#        "C:\Users\JinZhaoxiang\Desktop\飞卡\复兴三号—KV58版(省赛)\iar\debug\obj\system_MKV58F24.o"
#        --redirect _Printf=_PrintfSmallNoMb --redirect _Scanf=_ScanfSmallNoMb
#        --no_out_extension -o
#        "C:\Users\JinZhaoxiang\Desktop\飞卡\复兴三号—KV58版(省赛)\iar\debug\myProject.out"
#        --map
#        "C:\Users\JinZhaoxiang\Desktop\飞卡\复兴三号—KV58版(省赛)\iar\debug\list\myProject.map"
#        --config
#        "C:\Users\JinZhaoxiang\Desktop\飞卡\复兴三号—KV58版(省赛)\iar/MKV58F1M0xxx24_flash.icf"
#        --semihosting --entry __iar_program_start --vfe --text_out locale)
#
###############################################################################

*******************************************************************************
*** RUNTIME MODEL ATTRIBUTES
***

CppFlavor       = *
__SystemLibrary = DLib
__dlib_version  = 6


*******************************************************************************
*** HEAP SELECTION
***

The basic heap was selected because no calls to memory allocation
functions were found in the application outside of system library
functions, and there are calls to deallocation functions in the
application.


*******************************************************************************
*** PLACEMENT SUMMARY
***

"A0":  place at 0x1000'0000 { ro section .intvec };
"P1":  place in [from 0x1000'0400 to 0x1000'040f] { section FlashConfig };
"P2":  place in [from 0x1000'0000 to 0x1000'03ff] |
                [from 0x1000'0410 to 0x100f'ffff] { ro };
define block RW { rw };
"P3":  place in [from 0x0 to 0xffff] |
                [from 0x2000'0000 to 0x2001'fbff] { block RW };
define block ZI { zi };
"P4":  place in [from 0x0 to 0xffff] |
                [from 0x2000'0000 to 0x2001'fbff] { block ZI };
define block CSTACK with size = 1K, alignment = 8 { };
"P6":  place in [from 0x2001'fc00 to 0x2001'ffff] { block CSTACK };
initialize by copy { rw, section .textrw };

No sections matched the following patterns:

  section m_interrupts_ram  in "P7"


  Section            Kind         Address    Size  Object
  -------            ----         -------    ----  ------
"P3-P4", part 1 of 2:                       0x118
  RW                                  0x0   0x118  <Block>
    RW-1                              0x0   0x115  <Init block>
      .data          inited           0x0     0x4  fsl_clock.o [1]
      .data          inited           0x4     0x4  fsl_clock.o [1]
      .data          inited           0x8    0x40  ImageInformation.o [1]
      .data          inited          0x48    0x40  ImageInformation.o [1]
      .data          inited          0x88    0x3c  ImageInformation.o [1]
      .data          inited          0xc4     0x4  ServoControl.o [1]
      .data          inited          0xc8     0x4  ServoControl.o [1]
      .data          inited          0xcc     0x4  ServoControl.o [1]
      .data          inited          0xd0     0x4  ServoControl.o [1]
      .data          inited          0xd4     0x4  speed.o [1]
      .data          inited          0xd8     0x4  speed.o [1]
      .data          inited          0xdc     0x4  speed.o [1]
      .data          inited          0xe0     0x4  speed.o [1]
      .data          inited          0xe4     0x4  speed.o [1]
      .data          inited          0xe8     0x4  system_MKV58F24.o [1]
      .data          inited          0xec     0x4  system_MKV58F24.o [1]
      .data          inited          0xf0     0x4  system_MKV58F24.o [1]
      .data          inited          0xf4     0x4  system_MKV58F24.o [1]
      .data          inited          0xf8     0x4  system_MKV58F24.o [1]
      .data          inited          0xfc     0x4  system_MKV58F24.o [1]
      .data          inited         0x100     0x4  system_MKV58F24.o [1]
      .data          inited         0x104     0x2  bsp_oled.o [1]
      .data          inited         0x106     0x2  bsp_oled.o [1]
      .data          inited         0x108     0x2  bsp_oled.o [1]
      .data          inited         0x10a     0x2  bsp_oled.o [1]
      .data          inited         0x10c     0x2  speed.o [1]
      .data          inited         0x10e     0x1  ImageInformation.o [1]
      .data          inited         0x10f     0x1  ImageInformation.o [1]
      .data          inited         0x110     0x1  ImageInformation.o [1]
      .data          inited         0x111     0x1  ImageInformation.o [1]
      .data          inited         0x112     0x1  ov7725.o [1]
      .data          inited         0x113     0x1  speed.o [1]
      .data          inited         0x114     0x1  speed.o [1]
                                  - 0x118   0x118

"P3-P4", part 2 of 2:                      0x44d8
  ZI                                0x118  0x44d8  <Block>
    .bss             zero           0x118     0x4  Camera.o [1]
    .bss             zero           0x11c  0x12c0  Camera.o [1]
    .bss             zero          0x13dc   0x960  Camera.o [1]
    .bss             zero          0x1d3c    0x30  Camera.o [1]
    .bss             zero          0x1d6c     0x4  fsl_clock.o [1]
    .bss             zero          0x1d70    0x10  fsl_debug_console.o [1]
    .bss             zero          0x1d80    0x80  fsl_edma.o [1]
    .bss             zero          0x1e00     0x8  fsl_i2c.o [1]
    .bss             zero          0x1e08     0x4  fsl_i2c.o [1]
    .bss             zero          0x1e0c     0x4  fsl_i2c.o [1]
    .bss             zero          0x1e10    0x18  fsl_uart.o [1]
    .bss             zero          0x1e28     0x4  fsl_uart.o [1]
    .bss             zero          0x1e2c    0x14  gpio.o [1]
    .bss             zero          0x1e40     0xc  i2c.o [1]
    .bss             zero          0x1e4c     0xc  ImageInformation.o [1]
    .bss             zero          0x1e58    0x78  ImageInformation.o [1]
    .bss             zero          0x1ed0     0x4  ImageInformation.o [1]
    .bss             zero          0x1ed4    0xf0  ImageInformation.o [1]
    .bss             zero          0x1fc4     0x4  key.o [1]
    .bss             zero          0x1fc8     0x4  key.o [1]
    .bss             zero          0x1fcc     0x4  key.o [1]
    .bss             zero          0x1fd0     0x4  key.o [1]
    .bss             zero          0x1fd4     0x4  key.o [1]
    .bss             zero          0x1fd8     0x4  key.o [1]
    .bss             zero          0x1fdc     0x4  key.o [1]
    .bss             zero          0x1fe0     0x4  key.o [1]
    .bss             zero          0x1fe4     0x4  key.o [1]
    .bss             zero          0x1fe8     0x4  key.o [1]
    .bss             zero          0x1fec  0x12c0  main.o [1]
    .bss             zero          0x32ac  0x12c0  main.o [1]
    .bss             zero          0x456c    0x10  ov7725.o [1]
    .bss             zero          0x457c     0x4  speed.o [1]
    .bss             zero          0x4580     0x4  xfail_s.o [2]
    .bss             zero          0x4584     0x2  Camera.o [1]
    .bss             zero          0x4586     0x2  Camera.o [1]
    .bss             zero          0x4588     0x2  Camera.o [1]
    .bss             zero          0x458a     0x2  key.o [1]
    .bss             zero          0x458c     0x2  ServoControl.o [1]
    .bss             zero          0x458e     0x2  ServoControl.o [1]
    .bss             zero          0x4590     0x2  ServoControl.o [1]
    .bss             zero          0x4592     0x2  ServoControl.o [1]
    .bss             zero          0x4594     0x2  ServoControl.o [1]
    .bss             zero          0x4596     0x2  speed.o [1]
    .bss             zero          0x4598     0x2  speed.o [1]
    .bss             zero          0x459a     0x2  speed.o [1]
    .bss             zero          0x459c     0x2  speed.o [1]
    .bss             zero          0x459e     0x2  speed.o [1]
    .bss             zero          0x45a0     0x2  speed.o [1]
    .bss             zero          0x45a2     0x2  speed.o [1]
    .bss             zero          0x45a4     0x2  speed.o [1]
    .bss             zero          0x45a6     0x2  speed.o [1]
    .bss             zero          0x45a8     0x1  Camera.o [1]
    .bss             zero          0x45a9     0x1  ImageInformation.o [1]
    .bss             zero          0x45aa     0x1  ImageInformation.o [1]
    .bss             zero          0x45ab     0x1  ImageInformation.o [1]
    .bss             zero          0x45ac     0x1  ImageInformation.o [1]
    .bss             zero          0x45ad     0x1  ImageInformation.o [1]
    .bss             zero          0x45ae     0x1  ImageInformation.o [1]
    .bss             zero          0x45af     0x1  ImageInformation.o [1]
    .bss             zero          0x45b0     0x1  ImageInformation.o [1]
    .bss             zero          0x45b1     0x1  ImageInformation.o [1]
    .bss             zero          0x45b2     0x1  ImageInformation.o [1]
    .bss             zero          0x45b3     0x1  ImageInformation.o [1]
    .bss             zero          0x45b4     0x1  ImageInformation.o [1]
    .bss             zero          0x45b5     0x1  ImageInformation.o [1]
    .bss             zero          0x45b6     0x1  ImageInformation.o [1]
    .bss             zero          0x45b7     0x1  ImageInformation.o [1]
    .bss             zero          0x45b8     0x1  ImageInformation.o [1]
    .bss             zero          0x45b9     0x1  ImageInformation.o [1]
    .bss             zero          0x45ba     0x1  ImageInformation.o [1]
    .bss             zero          0x45bb     0x1  ImageInformation.o [1]
    .bss             zero          0x45bc     0x1  ImageInformation.o [1]
    .bss             zero          0x45bd     0x1  ImageInformation.o [1]
    .bss             zero          0x45be     0x1  ImageInformation.o [1]
    .bss             zero          0x45bf     0x1  ImageInformation.o [1]
    .bss             zero          0x45c0     0x1  ImageInformation.o [1]
    .bss             zero          0x45c1     0x1  ImageInformation.o [1]
    .bss             zero          0x45c2     0x1  ImageInformation.o [1]
    .bss             zero          0x45c3     0x1  ImageInformation.o [1]
    .bss             zero          0x45c4     0x1  ImageInformation.o [1]
    .bss             zero          0x45c5     0x1  ImageInformation.o [1]
    .bss             zero          0x45c6     0x1  ImageInformation.o [1]
    .bss             zero          0x45c7     0x1  ImageInformation.o [1]
    .bss             zero          0x45c8     0x1  ImageInformation.o [1]
    .bss             zero          0x45c9     0x1  ImageInformation.o [1]
    .bss             zero          0x45ca     0x1  ImageInformation.o [1]
    .bss             zero          0x45cb     0x1  ImageInformation.o [1]
    .bss             zero          0x45cc     0x1  ImageInformation.o [1]
    .bss             zero          0x45cd     0x1  ImageInformation.o [1]
    .bss             zero          0x45ce     0x1  ImageInformation.o [1]
    .bss             zero          0x45cf     0x1  ImageInformation.o [1]
    .bss             zero          0x45d0     0x1  ImageInformation.o [1]
    .bss             zero          0x45d1     0x1  ImageInformation.o [1]
    .bss             zero          0x45d2     0x1  ImageInformation.o [1]
    .bss             zero          0x45d3     0x1  ImageInformation.o [1]
    .bss             zero          0x45d4     0x1  ImageInformation.o [1]
    .bss             zero          0x45d5     0x1  ImageInformation.o [1]
    .bss             zero          0x45d6     0x1  ImageInformation.o [1]
    .bss             zero          0x45d7     0x1  ImageInformation.o [1]
    .bss             zero          0x45d8     0x1  ImageInformation.o [1]
    .bss             zero          0x45d9     0x1  ImageInformation.o [1]
    .bss             zero          0x45da     0x1  ImageInformation.o [1]
    .bss             zero          0x45db     0x1  ImageInformation.o [1]
    .bss             zero          0x45dc     0x1  ImageInformation.o [1]
    .bss             zero          0x45dd     0x1  ImageInformation.o [1]
    .bss             zero          0x45de     0x1  ImageInformation.o [1]
    .bss             zero          0x45df     0x1  ImageInformation.o [1]
    .bss             zero          0x45e0     0x1  ImageInformation.o [1]
    .bss             zero          0x45e1     0x1  ImageInformation.o [1]
    .bss             zero          0x45e2     0x1  ImageInformation.o [1]
    .bss             zero          0x45e3     0x1  ImageInformation.o [1]
    .bss             zero          0x45e4     0x1  ImageInformation.o [1]
    .bss             zero          0x45e5     0x1  ImageInformation.o [1]
    .bss             zero          0x45e6     0x1  ImageInformation.o [1]
    .bss             zero          0x45e7     0x1  ImageInformation.o [1]
    .bss             zero          0x45e8     0x1  ImageInformation.o [1]
    .bss             zero          0x45e9     0x1  ImageInformation.o [1]
    .bss             zero          0x45ea     0x1  ImageInformation.o [1]
    .bss             zero          0x45eb     0x1  ImageInformation.o [1]
    .bss             zero          0x45ec     0x1  ImageInformation.o [1]
    .bss             zero          0x45ed     0x1  key.o [1]
    .bss             zero          0x45ee     0x1  main.o [1]
    .bss             zero          0x45ef     0x1  main.o [1]
                                 - 0x45f0  0x44d8

"A0":                                       0x400
  .intvec            ro code  0x1000'0000   0x400  startup_MKV58F24.o [1]
                            - 0x1000'0400   0x400

"P1":                                        0x10
  FlashConfig        ro code  0x1000'0400    0x10  startup_MKV58F24.o [1]
                            - 0x1000'0410    0x10

"P2":                                      0x7442
  .text              ro code  0x1000'0410  0x2484  ImageInformation.o [1]
  .text              ro code  0x1000'2894   0x2ac  Camera.o [1]
  .text              ro code  0x1000'2b40     0x8  abs.o [2]
  .text              ro code  0x1000'2b48    0x28  printf.o [2]
  .text              ro code  0x1000'2b70    0x48  fsl_gpio.o [1]
  .text              ro code  0x1000'2bb8   0x228  dma.o [1]
  .text              ro code  0x1000'2de0   0x4dc  i2c.o [1]
  .text              ro code  0x1000'32bc   0x1dc  ov7725.o [1]
  .text              ro code  0x1000'3498   0x4d0  xprintfsmall_nomb.o [2]
  .text              ro code  0x1000'3968   0x3b4  gpio.o [1]
  .text              ro code  0x1000'3d1c    0x7c  board.o [1]
  .text              ro code  0x1000'3d98    0x16  strchr.o [4]
  .text              ro code  0x1000'3dae    0x3a  zero_init3.o [4]
  .text              ro code  0x1000'3de8    0x40  xfail_s.o [2]
  .text              ro code  0x1000'3e28    0x36  strlen.o [4]
  .rodata            const    0x1000'3e5e     0x2  Camera.o [1]
  .text              ro code  0x1000'3e60    0x58  memchr.o [4]
  .text              ro code  0x1000'3eb8   0x50c  fsl_clock.o [1]
  .text              ro code  0x1000'43c4    0xf4  fsl_debug_console.o [1]
  .text              ro code  0x1000'44b8     0x6  abort.o [2]
  .rodata            const    0x1000'44be     0x2  main.o [1]
  .text              ro code  0x1000'44c0   0x2a0  fsl_uart.o [1]
  .text              ro code  0x1000'4760    0x14  exit.o [5]
  .text              ro code  0x1000'4774   0x620  fsl_ftm.o [1]
  .text              ro code  0x1000'4d94   0x54c  key.o [1]
  .text              ro code  0x1000'52e0    0x48  FltToDbl.o [3]
  .text              ro code  0x1000'5328   0x17a  DblAdd.o [3]
  .rodata            const    0x1000'54a2     0x2  main.o [1]
  .text              ro code  0x1000'54a4    0x68  DblToFlt.o [3]
  .text              ro code  0x1000'550c   0x494  bsp_oled.o [1]
  .text              ro code  0x1000'59a0   0x1d4  bsp_my_oled.o [1]
  .text              ro code  0x1000'5b74    0xd2  DblSub.o [3]
  .text              ro code  0x1000'5c46     0x2  startup_MKV58F24.o [1]
  .text              ro code  0x1000'5c48   0x474  pin_mux.o [1]
  .text              ro code  0x1000'60bc   0x424  fsl_edma.o [1]
  .text              ro code  0x1000'64e0   0x338  speed.o [1]
  .text              ro code  0x1000'6818   0x2bc  system_MKV58F24.o [1]
  .text              ro code  0x1000'6ad4   0x250  main.o [1]
  .text              ro code  0x1000'6d24    0x7c  clock_config.o [1]
  .text              ro code  0x1000'6da0   0x208  ServoControl.o [1]
  .rodata            const    0x1000'6fa8   0x228  bsp_oled.o [1]
  Initializer bytes  const    0x1000'71d0   0x118  <for RW-1>
  .text              ro code  0x1000'72e8     0x2  startup_MKV58F24.o [1]
  .text              ro code  0x1000'72ec    0x64  fsl_i2c.o [1]
  .rodata            const    0x1000'7350    0x60  ov7725.o [1]
  .rodata            const    0x1000'73b0    0x34  ov7725.o [1]
  .rodata            const    0x1000'73e4    0x2c  ov7725.o [1]
  .text              ro code  0x1000'7410    0x2c  copy_init3.o [4]
  .text              ro code  0x1000'743c    0x28  startup_MKV58F24.o [1]
  .text              ro code  0x1000'7464    0x28  data_init.o [4]
  .text              ro code  0x1000'748c    0x22  fpinit_M.o [3]
  .iar.init_table    const    0x1000'74b0    0x24  - Linker created -
  .text              ro code  0x1000'74d4    0x20  putchar.o [2]
  .text              ro code  0x1000'74f4     0x2  startup_MKV58F24.o [1]
  .text              ro code  0x1000'74f8    0x1e  cmain.o [4]
  .text              ro code  0x1000'7516     0x4  low_level_init.o [2]
  .text              ro code  0x1000'751a     0x4  exit.o [2]
  .text              ro code  0x1000'751e     0x2  startup_MKV58F24.o [1]
  .text              ro code  0x1000'7520     0xa  cexit.o [4]
  .text              ro code  0x1000'752a     0x2  startup_MKV58F24.o [1]
  .rodata            const    0x1000'752c    0x1c  Camera.o [1]
  .rodata            const    0x1000'7548    0x1c  Camera.o [1]
  .rodata            const    0x1000'7564    0x1c  ov7725.o [1]
  .rodata            const    0x1000'7580    0x18  Camera.o [1]
  .rodata            const    0x1000'7598    0x18  fsl_uart.o [1]
  .rodata            const    0x1000'75b0    0x18  fsl_uart.o [1]
  .rodata            const    0x1000'75c8    0x18  ov7725.o [1]
  .text              ro code  0x1000'75e0    0x16  xprout.o [2]
  .text              ro code  0x1000'75f6     0x2  startup_MKV58F24.o [1]
  .rodata            const    0x1000'75f8    0x14  gpio.o [1]
  .rodata            const    0x1000'760c    0x14  gpio.o [1]
  .rodata            const    0x1000'7620    0x14  gpio.o [1]
  .rodata            const    0x1000'7634    0x10  fsl_clock.o [1]
  .rodata            const    0x1000'7644    0x10  fsl_ftm.o [1]
  .rodata            const    0x1000'7654    0x10  fsl_ftm.o [1]
  .rodata            const    0x1000'7664     0xc  clock_config.o [1]
  .text              ro code  0x1000'7670     0xc  cstartup_M.o [4]
  .rodata            const    0x1000'767c     0x8  clock_config.o [1]
  .rodata            const    0x1000'7684     0x8  clock_config.o [1]
  .text              ro code  0x1000'768c     0x8  startup_MKV58F24.o [1]
  .text              ro code  0x1000'7694     0x8  startup_MKV58F24.o [1]
  .text              ro code  0x1000'769c     0x8  startup_MKV58F24.o [1]
  .text              ro code  0x1000'76a4     0x8  startup_MKV58F24.o [1]
  .text              ro code  0x1000'76ac     0x8  startup_MKV58F24.o [1]
  .text              ro code  0x1000'76b4     0x8  startup_MKV58F24.o [1]
  .text              ro code  0x1000'76bc     0x8  startup_MKV58F24.o [1]
  .text              ro code  0x1000'76c4     0x8  startup_MKV58F24.o [1]
  .text              ro code  0x1000'76cc     0x8  startup_MKV58F24.o [1]
  .text              ro code  0x1000'76d4     0x8  startup_MKV58F24.o [1]
  .text              ro code  0x1000'76dc     0x8  startup_MKV58F24.o [1]
  .text              ro code  0x1000'76e4     0x8  startup_MKV58F24.o [1]
  .text              ro code  0x1000'76ec     0x8  startup_MKV58F24.o [1]
  .text              ro code  0x1000'76f4     0x8  startup_MKV58F24.o [1]
  .text              ro code  0x1000'76fc     0x8  startup_MKV58F24.o [1]
  .text              ro code  0x1000'7704     0x8  startup_MKV58F24.o [1]
  .text              ro code  0x1000'770c     0x8  startup_MKV58F24.o [1]
  .text              ro code  0x1000'7714     0x8  startup_MKV58F24.o [1]
  .text              ro code  0x1000'771c     0x8  startup_MKV58F24.o [1]
  .text              ro code  0x1000'7724     0x8  startup_MKV58F24.o [1]
  .text              ro code  0x1000'772c     0x8  startup_MKV58F24.o [1]
  .text              ro code  0x1000'7734     0x8  startup_MKV58F24.o [1]
  .text              ro code  0x1000'773c     0x8  startup_MKV58F24.o [1]
  .text              ro code  0x1000'7744     0x8  startup_MKV58F24.o [1]
  .text              ro code  0x1000'774c     0x8  startup_MKV58F24.o [1]
  .text              ro code  0x1000'7754     0x8  startup_MKV58F24.o [1]
  .text              ro code  0x1000'775c     0x8  startup_MKV58F24.o [1]
  .text              ro code  0x1000'7764     0x8  startup_MKV58F24.o [1]
  .text              ro code  0x1000'776c     0x8  startup_MKV58F24.o [1]
  .text              ro code  0x1000'7774     0x8  startup_MKV58F24.o [1]
  .text              ro code  0x1000'777c     0x8  startup_MKV58F24.o [1]
  .text              ro code  0x1000'7784     0x8  startup_MKV58F24.o [1]
  .text              ro code  0x1000'778c     0x8  startup_MKV58F24.o [1]
  .text              ro code  0x1000'7794     0x8  startup_MKV58F24.o [1]
  .text              ro code  0x1000'779c     0x8  startup_MKV58F24.o [1]
  .text              ro code  0x1000'77a4     0x8  startup_MKV58F24.o [1]
  .text              ro code  0x1000'77ac     0x8  startup_MKV58F24.o [1]
  .text              ro code  0x1000'77b4     0x8  startup_MKV58F24.o [1]
  .text              ro code  0x1000'77bc     0x8  startup_MKV58F24.o [1]
  .text              ro code  0x1000'77c4     0x8  startup_MKV58F24.o [1]
  .text              ro code  0x1000'77cc     0x8  startup_MKV58F24.o [1]
  .text              ro code  0x1000'77d4     0x8  startup_MKV58F24.o [1]
  .text              ro code  0x1000'77dc     0x8  startup_MKV58F24.o [1]
  .text              ro code  0x1000'77e4     0x8  startup_MKV58F24.o [1]
  .text              ro code  0x1000'77ec     0x8  startup_MKV58F24.o [1]
  .text              ro code  0x1000'77f4     0x8  startup_MKV58F24.o [1]
  .text              ro code  0x1000'77fc     0x8  startup_MKV58F24.o [1]
  .text              ro code  0x1000'7804     0x8  startup_MKV58F24.o [1]
  .text              ro code  0x1000'780c     0x8  startup_MKV58F24.o [1]
  .text              ro code  0x1000'7814     0x8  startup_MKV58F24.o [1]
  .text              ro code  0x1000'781c     0x8  startup_MKV58F24.o [1]
  .text              ro code  0x1000'7824     0x8  startup_MKV58F24.o [1]
  .text              ro code  0x1000'782c     0x8  startup_MKV58F24.o [1]
  .text              ro code  0x1000'7834     0x8  startup_MKV58F24.o [1]
  .text              ro code  0x1000'783c     0x8  startup_MKV58F24.o [1]
  .rodata            const    0x1000'7844     0x4  dma.o [1]
  .text              ro code  0x1000'7848     0x4  startup_MKV58F24.o [1]
  .text              ro code  0x1000'784c     0x2  startup_MKV58F24.o [1]
  .text              ro code  0x1000'784e     0x2  startup_MKV58F24.o [1]
  .text              ro code  0x1000'7850     0x2  startup_MKV58F24.o [1]
  .rodata            const    0x1000'7852     0x0  zero_init3.o [4]
  .rodata            const    0x1000'7852     0x0  copy_init3.o [4]
                            - 0x1000'7852  0x7442

"P6":                                       0x400
  CSTACK                      0x2001'fc00   0x400  <Block>
    CSTACK           uninit   0x2001'fc00   0x400  <Block tail>
                            - 0x2002'0000   0x400

Unused ranges:

         From           To      Size
         ----           --      ----
       0x45f0       0xffff    0xba10
  0x1000'7852  0x100f'ffff  0xf'87ae
  0x2000'0000  0x2001'fbff  0x1'fc00


*******************************************************************************
*** INIT TABLE
***

          Address      Size
          -------      ----
Zero (__iar_zero_init3)
    1 destination range, total size 0x44d8:
                0x118  0x44d8

Copy (__iar_copy_init3)
    1 source range, total size 0x118 (101% of destination):
          0x1000'71d0   0x118
    1 destination range, total size 0x115:
                  0x0   0x115



*******************************************************************************
*** MODULE SUMMARY
***

    Module               ro code  ro data  rw data
    ------               -------  -------  -------
command line/config:
    ----------------------------------------------
    Total:

C:\Users\JinZhaoxiang\Desktop\飞卡\复兴三号—KV58版(省赛)\iar\debug\obj: [1]
    Camera.o                 684       82    7 259
    ImageInformation.o     9 348      192      636
    ServoControl.o           520       16       26
    board.o                  124
    bsp_my_oled.o            468
    bsp_oled.o             1 172      560        8
    clock_config.o           124       28
    dma.o                    552        4
    fsl_clock.o            1 292       24       12
    fsl_debug_console.o      244                16
    fsl_edma.o             1 060               128
    fsl_ftm.o              1 568       32
    fsl_gpio.o                72
    fsl_i2c.o                100                16
    fsl_uart.o               672       48       28
    gpio.o                   948       60       20
    i2c.o                  1 244                12
    key.o                  1 356                43
    main.o                   592        4    9 602
    ov7725.o                 476      245       17
    pin_mux.o              1 140
    speed.o                  824       24       46
    startup_MKV58F24.o     1 542
    system_MKV58F24.o        700       28       28
    ----------------------------------------------
    Total:                26 822    1 347   17 897

dl7M_tln.a: [2]
    abort.o                    6
    abs.o                      8
    exit.o                     4
    low_level_init.o           4
    printf.o                  40
    putchar.o                 32
    xfail_s.o                 64                 4
    xprintfsmall_nomb.o    1 232
    xprout.o                  22
    ----------------------------------------------
    Total:                 1 412                 4

m7M_tls.a: [3]
    DblAdd.o                 378
    DblSub.o                 210
    DblToFlt.o               104
    FltToDbl.o                72
    fpinit_M.o                34
    ----------------------------------------------
    Total:                   798

rt7M_tl.a: [4]
    cexit.o                   10
    cmain.o                   30
    copy_init3.o              44
    cstartup_M.o              12
    data_init.o               40
    memchr.o                  88
    strchr.o                  22
    strlen.o                  54
    zero_init3.o              58
    ----------------------------------------------
    Total:                   358

shb_l.a: [5]
    exit.o                    20
    ----------------------------------------------
    Total:                    20

    Gaps                       4        2
    Linker created                     39    1 024
--------------------------------------------------
    Grand Total:          29 414    1 388   18 925


*******************************************************************************
*** ENTRY LIST
***

Entry                       Address    Size  Type      Object
-----                       -------    ----  ----      ------
.iar.init_table$$Base   0x1000'74b0           --   Gb  - Linker created -
.iar.init_table$$Limit  0x1000'74d4           --   Gb  - Linker created -
?main                   0x1000'74f9          Code  Gb  cmain.o [4]
BOARD_BootClockRUN      0x1000'6d47    0x38  Code  Gb  clock_config.o [1]
BOARD_InintButtons      0x1000'5e2f   0x180  Code  Gb  pin_mux.o [1]
BOARD_InitData          0x1000'5cc9    0x5c  Code  Gb  pin_mux.o [1]
BOARD_InitDebugConsole  0x1000'3d1d    0x18  Code  Gb  board.o [1]
BOARD_InitFtmquad       0x1000'5faf    0x20  Code  Gb  pin_mux.o [1]
BOARD_InitI2c           0x1000'5dcb    0x3a  Code  Gb  pin_mux.o [1]
BOARD_InitLed           0x1000'5d59    0x72  Code  Gb  pin_mux.o [1]
BOARD_InitMotorFtm      0x1000'5fcf    0x2a  Code  Gb  pin_mux.o [1]
BOARD_InitOled          0x1000'5d25    0x34  Code  Gb  pin_mux.o [1]
BOARD_InitPins          0x1000'5c7b    0x4e  Code  Gb  pin_mux.o [1]
BOARD_InitServoFtm      0x1000'5ff9    0x1e  Code  Gb  pin_mux.o [1]
BOARD_InitUart          0x1000'5e05    0x2a  Code  Gb  pin_mux.o [1]
BOMA_KeyEvenManage      0x1000'51c9    0xa6  Code  Gb  key.o [1]
CLOCK_BootToPeeMode     0x1000'4371    0x36  Code  Gb  fsl_clock.o [1]
CLOCK_CONFIG_SetFllExtRefDiv
                        0x1000'6d33    0x14  Code  Lc  clock_config.o [1]
CLOCK_CONFIG_SetSimSafeDivs
                        0x1000'6d2b     0x8  Code  Lc  clock_config.o [1]
CLOCK_EnableClock       0x1000'4775    0x14  Code  Lc  fsl_ftm.o [1]
CLOCK_EnableClock       0x1000'44c1    0x14  Code  Lc  fsl_uart.o [1]
CLOCK_EnableClock       0x1000'5c49    0x14  Code  Lc  pin_mux.o [1]
CLOCK_EnableClock       0x1000'64e1    0x12  Code  Lc  speed.o [1]
CLOCK_EnablePll0        0x1000'425b    0x40  Code  Gb  fsl_clock.o [1]
CLOCK_GetEr32kClkFreq   0x1000'4009    0x36  Code  Gb  fsl_clock.o [1]
CLOCK_GetFastPeriphClkFreq
                        0x1000'4067    0x18  Code  Gb  fsl_clock.o [1]
CLOCK_GetFixedFreqClkFreq
                        0x1000'41fd    0x1e  Code  Gb  fsl_clock.o [1]
CLOCK_GetFllExtRefClkFreq
                        0x1000'3f0d    0x56  Code  Lc  fsl_clock.o [1]
CLOCK_GetFllFreq        0x1000'41a3    0x44  Code  Gb  fsl_clock.o [1]
CLOCK_GetFllFreq::fllFactorTable
                        0x1000'7634    0x10  Data  Lc  fsl_clock.o [1]
CLOCK_GetFllRefClkFreq  0x1000'3f89    0x20  Code  Lc  fsl_clock.o [1]
CLOCK_GetFreq           0x1000'407f    0xd2  Code  Gb  fsl_clock.o [1]
CLOCK_GetInternalRefClkFreq
                        0x1000'41e7    0x16  Code  Gb  fsl_clock.o [1]
CLOCK_GetInternalRefClkSelectFreq
                        0x1000'3f63    0x26  Code  Lc  fsl_clock.o [1]
CLOCK_GetMcgExtClkFreq  0x1000'3f05     0x8  Code  Lc  fsl_clock.o [1]
CLOCK_GetOsc0ErClkDivFreq
                        0x1000'3fe7    0x22  Code  Gb  fsl_clock.o [1]
CLOCK_GetOsc0ErClkUndivFreq
                        0x1000'3fd1    0x16  Code  Gb  fsl_clock.o [1]
CLOCK_GetOscRangeFromFreq
                        0x1000'3fb1    0x20  Code  Lc  fsl_clock.o [1]
CLOCK_GetOutClkFreq     0x1000'416b    0x38  Code  Gb  fsl_clock.o [1]
CLOCK_GetPll0Freq       0x1000'421b    0x3a  Code  Gb  fsl_clock.o [1]
CLOCK_GetPll0RefFreq    0x1000'3fa9     0x8  Code  Lc  fsl_clock.o [1]
CLOCK_GetPllFllSelClkFreq
                        0x1000'403f    0x28  Code  Gb  fsl_clock.o [1]
CLOCK_InitOsc0          0x1000'429b    0x50  Code  Gb  fsl_clock.o [1]
CLOCK_SetEr32kClock     0x1000'3eb9    0x16  Code  Lc  fsl_clock.o [1]
CLOCK_SetExternalRefClkConfig
                        0x1000'4255     0x6  Code  Gb  fsl_clock.o [1]
CLOCK_SetPbeMode        0x1000'42fd    0x52  Code  Gb  fsl_clock.o [1]
CLOCK_SetPllFllSelClock
                        0x1000'3ecf    0x16  Code  Lc  fsl_clock.o [1]
CLOCK_SetSimConfig      0x1000'4151    0x1a  Code  Gb  fsl_clock.o [1]
CLOCK_SetXtal0Freq      0x1000'6d25     0x6  Code  Lc  clock_config.o [1]
CSTACK$$Base            0x2001'fc00           --   Gb  - Linker created -
CSTACK$$Limit           0x2002'0000           --   Gb  - Linker created -
CalSpeedError           0x1000'6603    0x20  Code  Gb  speed.o [1]
CalculateResult              0x45a6     0x2  Data  Gb  speed.o [1]
Camera_Init             0x1000'2927    0xb6  Code  Gb  Camera.o [1]
CenterValue                  0x458c     0x2  Data  Gb  ServoControl.o [1]
CurrentError                 0x4592     0x2  Data  Gb  ServoControl.o [1]
DC_config                     0x104     0x2  Data  Gb  bsp_oled.o [1]
DMA0_DMA16_IRQHandler   0x1000'291f     0x8  Code  Gb  Camera.o [1]
DMA10_DMA26_DriverIRQHandler
                        0x1000'639f    0x34  Code  Gb  fsl_edma.o [1]
DMA11_DMA27_DriverIRQHandler
                        0x1000'63d3    0x34  Code  Gb  fsl_edma.o [1]
DMA12_DMA28_DriverIRQHandler
                        0x1000'6407    0x34  Code  Gb  fsl_edma.o [1]
DMA13_DMA29_DriverIRQHandler
                        0x1000'643b    0x34  Code  Gb  fsl_edma.o [1]
DMA14_DMA30_DriverIRQHandler
                        0x1000'646f    0x34  Code  Gb  fsl_edma.o [1]
DMA15_DMA31_DriverIRQHandler
                        0x1000'64a3    0x34  Code  Gb  fsl_edma.o [1]
DMA1_DMA17_DriverIRQHandler
                        0x1000'61cb    0x34  Code  Gb  fsl_edma.o [1]
DMA2_DMA18_DriverIRQHandler
                        0x1000'61ff    0x34  Code  Gb  fsl_edma.o [1]
DMA3_DMA19_DriverIRQHandler
                        0x1000'6233    0x34  Code  Gb  fsl_edma.o [1]
DMA4_DMA20_DriverIRQHandler
                        0x1000'6267    0x34  Code  Gb  fsl_edma.o [1]
DMA5_DMA21_DriverIRQHandler
                        0x1000'629b    0x34  Code  Gb  fsl_edma.o [1]
DMA6_DMA22_DriverIRQHandler
                        0x1000'62cf    0x34  Code  Gb  fsl_edma.o [1]
DMA7_DMA23_DriverIRQHandler
                        0x1000'6303    0x34  Code  Gb  fsl_edma.o [1]
DMA8_DMA24_DriverIRQHandler
                        0x1000'6337    0x34  Code  Gb  fsl_edma.o [1]
DMA9_DMA25_DriverIRQHandler
                        0x1000'636b    0x34  Code  Gb  fsl_edma.o [1]
DMAMUX_InstanceTable    0x1000'7844     0x4  Data  Lc  dma.o [1]
DMA_DisableRequest      0x1000'2dab     0xa  Code  Gb  dma.o [1]
DMA_EnableRequest       0x1000'2da1     0xa  Code  Gb  dma.o [1]
DMA_Init                0x1000'2bb9   0x1ac  Code  Gb  dma.o [1]
DMA_InitStructure            0x1d3c    0x30  Data  Gb  Camera.o [1]
DMA_SetDestAddress      0x1000'2db5     0xe  Code  Gb  dma.o [1]
DMA_SetMajorLoopCounter
                        0x1000'2d65    0x3c  Code  Gb  dma.o [1]
D_D                            0xcc     0x4  Data  Gb  ServoControl.o [1]
D_P                            0xc8     0x4  Data  Gb  ServoControl.o [1]
D_P1                           0xc4     0x4  Data  Gb  ServoControl.o [1]
Data_config                  0x4588     0x2  Data  Gb  Camera.o [1]
DbgConsole_Init         0x1000'43fd    0x70  Code  Gb  fsl_debug_console.o [1]
DisableIRQ              0x1000'28db    0x1a  Code  Lc  Camera.o [1]
Draw_BMP                0x1000'586b   0x10c  Code  Gb  bsp_oled.o [1]
DutyBack                     0x45a0     0x2  Data  Gb  speed.o [1]
DutyGo                       0x459e     0x2  Data  Gb  speed.o [1]
EDMA_GetChannelStatusFlags
                        0x1000'60bd    0x32  Code  Gb  fsl_edma.o [1]
EDMA_HandleIRQ          0x1000'60ef    0xdc  Code  Gb  fsl_edma.o [1]
EnableIRQ               0x1000'28c1    0x1a  Code  Lc  Camera.o [1]
EnableIRQ               0x1000'6b35    0x1a  Code  Lc  main.o [1]
EncoderCount                 0x457c     0x4  Data  Gb  speed.o [1]
ExternalClockFreq              0xe8     0x4  Data  Gb  system_MKV58F24.o [1]
F6x8                    0x1000'6fa8   0x228  Data  Gb  bsp_oled.o [1]
FTM_ClearQuadDecoderCounterValue
                        0x1000'650d     0x6  Code  Lc  speed.o [1]
FTM_GetDefaultConfig    0x1000'49d7    0x32  Code  Gb  fsl_ftm.o [1]
FTM_GetInstance         0x1000'4789    0x1c  Code  Lc  fsl_ftm.o [1]
FTM_GetQuadDecoderCounterValue
                        0x1000'6509     0x4  Code  Lc  speed.o [1]
FTM_Init                0x1000'4947    0x90  Code  Gb  fsl_ftm.o [1]
FTM_SetPwmSync          0x1000'47a5    0xa4  Code  Lc  fsl_ftm.o [1]
FTM_SetReloadPoints     0x1000'4849    0xfe  Code  Lc  fsl_ftm.o [1]
FTM_SetSoftwareTrigger  0x1000'6b4f    0x1c  Code  Lc  main.o [1]
FTM_SetSoftwareTrigger  0x1000'6db7    0x1c  Code  Lc  ServoControl.o [1]
FTM_SetSoftwareTrigger  0x1000'6513    0x1c  Code  Lc  speed.o [1]
FTM_SetupPwm            0x1000'4a09   0x216  Code  Gb  fsl_ftm.o [1]
FTM_SetupQuadDecode     0x1000'4cfb    0x7c  Code  Gb  fsl_ftm.o [1]
FTM_StartTimer          0x1000'6da1    0x16  Code  Lc  ServoControl.o [1]
FTM_StartTimer          0x1000'64f3    0x16  Code  Lc  speed.o [1]
FTM_UpdatePwmDutycycle  0x1000'4c1f    0xdc  Code  Gb  fsl_ftm.o [1]
FTM_quad_decoder_init   0x1000'65c1    0x42  Code  Gb  speed.o [1]
GPIO_CallBackTable           0x1e2c    0x14  Data  Lc  gpio.o [1]
GPIO_Init               0x1000'3b3d    0xe4  Code  Gb  gpio.o [1]
GPIO_InstanceTable      0x1000'75f8    0x14  Data  Lc  gpio.o [1]
GPIO_PinConfig          0x1000'3aed    0x50  Code  Gb  gpio.o [1]
GPIO_PinInit            0x1000'2b89    0x30  Code  Gb  fsl_gpio.o [1]
GPIO_QuickInit          0x1000'3c21    0x20  Code  Gb  gpio.o [1]
GPIO_ReadBit            0x1000'3c87    0x2a  Code  Gb  gpio.o [1]
GPIO_ReadPinInput       0x1000'4d95     0xa  Code  Lc  key.o [1]
GPIO_WriteBit           0x1000'3c41    0x46  Code  Gb  gpio.o [1]
GPIO_WritePinOutput     0x1000'2b71    0x18  Code  Lc  fsl_gpio.o [1]
GPIO_WritePinOutput     0x1000'0411    0x18  Code  Lc  ImageInformation.o [1]
GoalSpeed                     0x10c     0x2  Data  Gb  speed.o [1]
GoalSpeedSet            0x1000'6623    0x8a  Code  Gb  speed.o [1]
H                            0x45c4     0x1  Data  Gb  ImageInformation.o [1]
HighSpeed                     0x113     0x1  Data  Gb  speed.o [1]
I2C0_DriverIRQHandler   0x1000'731f     0xe  Code  Gb  fsl_i2c.o [1]
I2C1_DriverIRQHandler   0x1000'732d     0xe  Code  Gb  fsl_i2c.o [1]
I2C_BurstWrite          0x1000'3153    0x76  Code  Gb  i2c.o [1]
I2C_GetByte             0x1000'30e5    0x6e  Code  Lc  i2c.o [1]
I2C_NAck                0x1000'2fc9    0x50  Code  Lc  i2c.o [1]
I2C_QuickInit           0x1000'2de1   0x140  Code  Gb  i2c.o [1]
I2C_SendByte            0x1000'307d    0x68  Code  Lc  i2c.o [1]
I2C_Start               0x1000'2f33    0x52  Code  Lc  i2c.o [1]
I2C_Stop                0x1000'2f85    0x44  Code  Lc  i2c.o [1]
I2C_TransferCommonIRQHandler
                        0x1000'72ed    0x32  Code  Lc  fsl_i2c.o [1]
I2C_WaitAck             0x1000'3019    0x64  Code  Lc  i2c.o [1]
I2C_WriteSingleRegister
                        0x1000'31c9    0x24  Code  Gb  i2c.o [1]
ImageBuffer                   0x11c  0x12c0  Data  Gb  Camera.o [1]
ImageIdentification     0x1000'0429  0x224c  Code  Gb  ImageInformation.o [1]
Image_Flag                   0x45a8     0x1  Data  Gb  Camera.o [1]
Img_Extract             0x1000'2a69    0x90  Code  Gb  Camera.o [1]
IncrementalServoControl
                        0x1000'6e49   0x116  Code  Gb  ServoControl.o [1]
KEY_Init                0x1000'4d9f    0xb4  Code  Gb  key.o [1]
Key_Scan                0x1000'4e53   0x22c  Code  Gb  key.o [1]
LCD_CLS                 0x1000'5631    0x3e  Code  Gb  bsp_oled.o [1]
LCD_DLY_ms              0x1000'566f    0x18  Code  Gb  bsp_oled.o [1]
LCD_Fill                0x1000'55ef    0x42  Code  Gb  bsp_oled.o [1]
LCD_Init                0x1000'579f    0xcc  Code  Gb  bsp_oled.o [1]
LCD_Set_Pos             0x1000'55c5    0x2a  Code  Gb  bsp_oled.o [1]
LCD_WrCmd               0x1000'5569    0x5c  Code  Gb  bsp_oled.o [1]
LCD_WrDat               0x1000'550d    0x5a  Code  Gb  bsp_oled.o [1]
LastError                    0x4594     0x2  Data  Gb  ServoControl.o [1]
LeftRing_Find_Flag           0x45ac     0x1  Data  Gb  ImageInformation.o [1]
LoadInt                 0x1000'36b7    0x56  Code  Lc  xprintfsmall_nomb.o [2]
MainShow                0x1000'507f   0x110  Code  Gb  key.o [1]
MidPointHis                  0x1e4c     0xc  Data  Gb  ImageInformation.o [1]
MotorControl            0x1000'66ad   0x10e  Code  Gb  speed.o [1]
MotorInit               0x1000'652f    0x92  Code  Gb  speed.o [1]
NVIC_DisableIRQ         0x1000'28ab    0x16  Code  Lc  Camera.o [1]
NVIC_EnableIRQ          0x1000'2895    0x16  Code  Lc  Camera.o [1]
NVIC_EnableIRQ          0x1000'6af3    0x16  Code  Lc  main.o [1]
NVIC_SetPriority        0x1000'6b09    0x2c  Code  Lc  main.o [1]
NVIC_SetPriorityGrouping
                        0x1000'6ad5    0x1e  Code  Lc  main.o [1]
NeedLine                       0x88    0x3c  Data  Gb  ImageInformation.o [1]
OSC_SetCapLoad          0x1000'3ef9     0xc  Code  Lc  fsl_clock.o [1]
OSC_SetExtRefClkConfig  0x1000'3ee5    0x14  Code  Lc  fsl_clock.o [1]
OV7725_Eagle_DMA        0x1000'2a59    0x10  Code  Gb  Camera.o [1]
OV7725_ISR              0x1000'2a17    0x42  Code  Gb  Camera.o [1]
OutRingFind_Flag             0x45aa     0x1  Data  Gb  ImageInformation.o [1]
PCLK_config                  0x4586     0x2  Data  Gb  Camera.o [1]
PORTA_IRQHandler        0x1000'3cf5     0xa  Code  Gb  gpio.o [1]
PORTB_IRQHandler        0x1000'3cff     0xa  Code  Gb  gpio.o [1]
PORTC_IRQHandler        0x1000'2913     0xc  Code  Gb  Camera.o [1]
PORTD_IRQHandler        0x1000'3d09     0xa  Code  Gb  gpio.o [1]
PORTE_IRQHandler        0x1000'3d13     0xa  Code  Gb  gpio.o [1]
PORT_IRQHandler         0x1000'3cb1    0x2e  Code  Lc  gpio.o [1]
PORT_InstanceTable      0x1000'760c    0x14  Data  Lc  gpio.o [1]
PORT_PinMuxConfig       0x1000'3969    0x5c  Code  Gb  gpio.o [1]
PORT_PinOpenDrainConfig
                        0x1000'3a8b    0x62  Code  Gb  gpio.o [1]
PORT_PinPullConfig      0x1000'39c5    0xc6  Code  Gb  gpio.o [1]
PORT_SetPinInterruptConfig
                        0x1000'28f5    0x1e  Code  Lc  Camera.o [1]
PORT_SetPinInterruptConfig
                        0x1000'6b6b    0x1e  Code  Lc  main.o [1]
PORT_SetPinMux          0x1000'5c5d    0x1e  Code  Lc  pin_mux.o [1]
QZ_End                        0x10e     0x1  Data  Gb  ImageInformation.o [1]
QZ_Top                        0x10f     0x1  Data  Gb  ImageInformation.o [1]
RST_config                    0x106     0x2  Data  Gb  bsp_oled.o [1]
RW$$Base                        0x0           --   Gb  - Linker created -
RW$$Limit                     0x118           --   Gb  - Linker created -
Region$$Table$$Base     0x1000'74b0           --   Gb  - Linker created -
Region$$Table$$Limit    0x1000'74d4           --   Gb  - Linker created -
RightRing_Find_Flag          0x45ad     0x1  Data  Gb  ImageInformation.o [1]
RingP                          0xd0     0x4  Data  Gb  ServoControl.o [1]
RingSpeed                     0x114     0x1  Data  Gb  speed.o [1]
Ring_Find_Flag               0x45ab     0x1  Data  Gb  ImageInformation.o [1]
Ring_Line_Value              0x45ae     0x1  Data  Gb  ImageInformation.o [1]
SCB_EnableDCache        0x1000'683b    0x54  Code  Lc  system_MKV58F24.o [1]
SCB_EnableICache        0x1000'6819    0x22  Code  Lc  system_MKV58F24.o [1]
SCCB_Init               0x1000'29dd    0x3a  Code  Gb  Camera.o [1]
SCCB_ReadSingleRegister
                        0x1000'31ed    0x88  Code  Gb  i2c.o [1]
SCCB_WriteSingleRegister
                        0x1000'3275    0x42  Code  Gb  i2c.o [1]
SCL_config                    0x10a     0x2  Data  Gb  bsp_oled.o [1]
SDA_IN                  0x1000'2f21    0x12  Code  Lc  i2c.o [1]
SDA_config                    0x108     0x2  Data  Gb  bsp_oled.o [1]
SIM_GPIOClockGateTable  0x1000'7620    0x14  Data  Lc  gpio.o [1]
ServoInit               0x1000'6dd3    0x76  Code  Gb  ServoControl.o [1]
ServoOutPut                  0x458e     0x2  Data  Gb  ServoControl.o [1]
ServoPIDCalculate            0x4590     0x2  Data  Gb  ServoControl.o [1]
SetAddressingMode       0x1000'5687    0x14  Code  Gb  bsp_oled.o [1]
SetContrastControl      0x1000'56ab    0x14  Code  Gb  bsp_oled.o [1]
SetStartLine            0x1000'569b    0x10  Code  Gb  bsp_oled.o [1]
Set_Charge_Pump         0x1000'56bf    0x16  Code  Gb  bsp_oled.o [1]
Set_Common_Config       0x1000'5775    0x16  Code  Gb  bsp_oled.o [1]
Set_Common_Remap        0x1000'5729    0x10  Code  Gb  bsp_oled.o [1]
Set_Display_Clock       0x1000'574d    0x14  Code  Gb  bsp_oled.o [1]
Set_Display_Offset      0x1000'5739    0x14  Code  Gb  bsp_oled.o [1]
Set_Display_On_Off      0x1000'5719    0x10  Code  Gb  bsp_oled.o [1]
Set_Entire_Display      0x1000'56e5    0x10  Code  Gb  bsp_oled.o [1]
Set_Inverse_Display     0x1000'56f5    0x10  Code  Gb  bsp_oled.o [1]
Set_Multiplex_Ratio     0x1000'5705    0x14  Code  Gb  bsp_oled.o [1]
Set_Precharge_Period    0x1000'5761    0x14  Code  Gb  bsp_oled.o [1]
Set_Segment_Remap       0x1000'56d5    0x10  Code  Gb  bsp_oled.o [1]
Set_VCOMH               0x1000'578b    0x14  Code  Gb  bsp_oled.o [1]
SpeedCurrentError            0x45a2     0x2  Data  Gb  speed.o [1]
SpeedD                         0xe4     0x4  Data  Gb  speed.o [1]
SpeedLastError               0x45a4     0x2  Data  Gb  speed.o [1]
SpeedOutPut                  0x4596     0x2  Data  Gb  speed.o [1]
SpeedP                         0xe0     0x4  Data  Gb  speed.o [1]
Speed_Ek0                    0x4598     0x2  Data  Gb  speed.o [1]
Speed_Ek1                    0x459a     0x2  Data  Gb  speed.o [1]
Speed_Ek2                    0x459c     0x2  Data  Gb  speed.o [1]
Speed_Kd                       0xdc     0x4  Data  Gb  speed.o [1]
Speed_Ki                       0xd8     0x4  Data  Gb  speed.o [1]
Speed_Kp                       0xd4     0x4  Data  Gb  speed.o [1]
StartDelay                   0x45ed     0x1  Data  Gb  key.o [1]
StartLineFind_Flag           0x45a9     0x1  Data  Gb  ImageInformation.o [1]
StatusB1Flag                 0x1fcc     0x4  Data  Gb  key.o [1]
StatusB2Flag                 0x1fd0     0x4  Data  Gb  key.o [1]
StatusB3Flag                 0x1fd4     0x4  Data  Gb  key.o [1]
StatusB4Flag                 0x1fd8     0x4  Data  Gb  key.o [1]
StatusB5Flag                 0x1fdc     0x4  Data  Gb  key.o [1]
StatusB6Flag                 0x1fe0     0x4  Data  Gb  key.o [1]
StatusB7Flag                 0x1fe4     0x4  Data  Gb  key.o [1]
StatusB8Flag                 0x1fe8     0x4  Data  Gb  key.o [1]
StatusS1Flag                 0x1fc4     0x4  Data  Gb  key.o [1]
StatusS6Flag                 0x1fc8     0x4  Data  Gb  key.o [1]
StopFlag                     0x45ef     0x1  Data  Gb  main.o [1]
StreetCalLong                0x45d6     0x1  Data  Gb  ImageInformation.o [1]
StreetCalWdith               0x45d8     0x1  Data  Gb  ImageInformation.o [1]
StreetCalWdith0              0x45da     0x1  Data  Gb  ImageInformation.o [1]
StreetCalWdith1              0x45dc     0x1  Data  Gb  ImageInformation.o [1]
StreetCalWdith2              0x45de     0x1  Data  Gb  ImageInformation.o [1]
StreetCalWdith3              0x45e0     0x1  Data  Gb  ImageInformation.o [1]
StreetCalWdith4              0x45e2     0x1  Data  Gb  ImageInformation.o [1]
StreetCalWdith5              0x45e4     0x1  Data  Gb  ImageInformation.o [1]
StreetCalWdith6              0x45e6     0x1  Data  Gb  ImageInformation.o [1]
StreetCalWdith7              0x45e8     0x1  Data  Gb  ImageInformation.o [1]
StreetCalWdith8              0x45ea     0x1  Data  Gb  ImageInformation.o [1]
StreetCalWdith9              0x45ec     0x1  Data  Gb  ImageInformation.o [1]
Switch_KeyEvenManage    0x1000'51a5    0x24  Code  Gb  key.o [1]
SystemBusClock                 0xf4     0x4  Data  Gb  system_MKV58F24.o [1]
SystemCoreClock                0xec     0x4  Data  Gb  system_MKV58F24.o [1]
SystemCoreClockUpdate   0x1000'68c5   0x1ac  Code  Gb  system_MKV58F24.o [1]
SystemFastPeripheralDriverClock
                               0xf0     0x4  Data  Gb  system_MKV58F24.o [1]
SystemFlashClock               0xfc     0x4  Data  Gb  system_MKV58F24.o [1]
SystemFlexBusClock             0xf8     0x4  Data  Gb  system_MKV58F24.o [1]
SystemInit              0x1000'688f    0x36  Code  Gb  system_MKV58F24.o [1]
SystemMCGFFClock              0x100     0x4  Data  Gb  system_MKV58F24.o [1]
TempError                    0x45b9     0x1  Data  Gb  ImageInformation.o [1]
UART0_DriverIRQHandler  0x1000'46a3    0x10  Code  Gb  fsl_uart.o [1]
UART0_RX_TX_DriverIRQHandler
                        0x1000'46b3     0x8  Code  Gb  fsl_uart.o [1]
UART1_DriverIRQHandler  0x1000'46bb    0x10  Code  Gb  fsl_uart.o [1]
UART1_RX_TX_DriverIRQHandler
                        0x1000'46cb     0x8  Code  Gb  fsl_uart.o [1]
UART2_DriverIRQHandler  0x1000'46d3    0x10  Code  Gb  fsl_uart.o [1]
UART2_RX_TX_DriverIRQHandler
                        0x1000'46e3     0x8  Code  Gb  fsl_uart.o [1]
UART3_DriverIRQHandler  0x1000'46eb    0x10  Code  Gb  fsl_uart.o [1]
UART3_RX_TX_DriverIRQHandler
                        0x1000'46fb     0x8  Code  Gb  fsl_uart.o [1]
UART4_DriverIRQHandler  0x1000'4703    0x10  Code  Gb  fsl_uart.o [1]
UART4_RX_TX_DriverIRQHandler
                        0x1000'4713     0x8  Code  Gb  fsl_uart.o [1]
UART5_DriverIRQHandler  0x1000'471b    0x10  Code  Gb  fsl_uart.o [1]
UART5_RX_TX_DriverIRQHandler
                        0x1000'4759     0x8  Code  Gb  fsl_uart.o [1]
UART_EnableRx           0x1000'43e1    0x1c  Code  Lc  fsl_debug_console.o [1]
UART_EnableTx           0x1000'43c5    0x1c  Code  Lc  fsl_debug_console.o [1]
UART_GetDefaultConfig   0x1000'45ff    0x20  Code  Gb  fsl_uart.o [1]
UART_GetInstance        0x1000'44d5    0x1c  Code  Gb  fsl_uart.o [1]
UART_GetStatusFlags     0x1000'461f    0x1a  Code  Gb  fsl_uart.o [1]
UART_Init               0x1000'44f1   0x10e  Code  Gb  fsl_uart.o [1]
UART_ReadBlocking       0x1000'4651    0x52  Code  Gb  fsl_uart.o [1]
UART_WriteBlocking      0x1000'4639    0x18  Code  Gb  fsl_uart.o [1]
User_Stop_Line_JianCe   0x1000'2695   0x176  Code  Gb  ImageInformation.o [1]
VSY_config                   0x4584     0x2  Data  Gb  Camera.o [1]
W                            0x45c5     0x1  Data  Gb  ImageInformation.o [1]
X_Value                      0x45d5     0x1  Data  Gb  ImageInformation.o [1]
Y0_Value                     0x45d9     0x1  Data  Gb  ImageInformation.o [1]
Y1_Value                     0x45db     0x1  Data  Gb  ImageInformation.o [1]
Y2_Value                     0x45dd     0x1  Data  Gb  ImageInformation.o [1]
Y3_Value                     0x45df     0x1  Data  Gb  ImageInformation.o [1]
Y4_Value                     0x45e1     0x1  Data  Gb  ImageInformation.o [1]
Y5_Value                     0x45e3     0x1  Data  Gb  ImageInformation.o [1]
Y6_Value                     0x45e5     0x1  Data  Gb  ImageInformation.o [1]
Y7_Value                     0x45e7     0x1  Data  Gb  ImageInformation.o [1]
Y8_Value                     0x45e9     0x1  Data  Gb  ImageInformation.o [1]
Y9_Value                     0x45eb     0x1  Data  Gb  ImageInformation.o [1]
Y_Value                      0x45d7     0x1  Data  Gb  ImageInformation.o [1]
ZI$$Base                      0x118           --   Gb  - Linker created -
ZI$$Limit                    0x45f0           --   Gb  - Linker created -
_LitobSmallNoMb         0x1000'3849    0xce  Code  Lc  xprintfsmall_nomb.o [2]
_PrintfSmallNoMb        0x1000'3499   0x214  Code  Gb  xprintfsmall_nomb.o [2]
_Prout                  0x1000'75e1    0x16  Code  Gb  xprout.o [2]
_PutcharsSmallNoMb      0x1000'3917    0x2e  Code  Lc  xprintfsmall_nomb.o [2]
_PutfldSmallNoMb        0x1000'370d   0x13c  Code  Lc  xprintfsmall_nomb.o [2]
__RAM_VECTOR_TABLE_SIZE {Abs}
                                0x0          Data  Gb  <internal module>
__VECTOR_RAM {Abs}      0x1000'0000          Data  Gb  <internal module>
__VECTOR_TABLE {Abs}    0x1000'0000          Data  Gb  <internal module>
__Vectors               0x1000'0000           --   Gb  startup_MKV58F24.o [1]
__Vectors_End           0x1000'0400          Data  Gb  startup_MKV58F24.o [1]
__Vectors_Size {Abs}          0x400           --   Gb  startup_MKV58F24.o [1]
__aeabi_d2f             0x1000'54a5          Code  Gb  DblToFlt.o [3]
__aeabi_dadd            0x1000'5329          Code  Gb  DblAdd.o [3]
__aeabi_f2d             0x1000'52e1          Code  Gb  FltToDbl.o [3]
__cmain                 0x1000'74f9          Code  Gb  cmain.o [4]
__exit                  0x1000'4761    0x14  Code  Gb  exit.o [5]
__iar_Fail_s            0x1000'3de9    0x1c  Code  Gb  xfail_s.o [2]
__iar_Memchr            0x1000'3e61          Code  Gb  memchr.o [4]
__iar_Strchr            0x1000'3d99          Code  Gb  strchr.o [4]
__iar_copy_init3        0x1000'7411    0x2c  Code  Gb  copy_init3.o [4]
__iar_dadd              0x1000'5b75          Code  Gb  DblSub.o [3]
__iar_data_init3        0x1000'7465    0x28  Code  Gb  data_init.o [4]
__iar_dsub              0x1000'5339          Code  Gb  DblAdd.o [3]
__iar_dsubStart         0x1000'534b          Code  Gb  DblAdd.o [3]
__iar_init_vfp          0x1000'748d          Code  Gb  fpinit_M.o [3]
__iar_program_start     0x1000'7671          Code  Gb  cstartup_M.o [4]
__iar_zero_init3        0x1000'3daf    0x3a  Code  Gb  zero_init3.o [4]
__low_level_init        0x1000'7517     0x4  Code  Gb  low_level_init.o [2]
__vector_table          0x1000'0000          Data  Gb  startup_MKV58F24.o [1]
__vector_table_0x1c     0x1000'001c          Data  Gb  startup_MKV58F24.o [1]
__write                 0x1000'4479    0x40  Code  Wk  fsl_debug_console.o [1]
_call_main              0x1000'7505          Code  Gb  cmain.o [4]
_exit                   0x1000'7521          Code  Gb  cexit.o [4]
_main                   0x1000'7513          Code  Gb  cmain.o [4]
abort                   0x1000'44b9     0x6  Code  Gb  abort.o [2]
abs                     0x1000'2b41     0x8  Code  Gb  abs.o [2]
assist0                      0x45af     0x1  Data  Gb  ImageInformation.o [1]
assist1                      0x45b0     0x1  Data  Gb  ImageInformation.o [1]
assist2                      0x45b1     0x1  Data  Gb  ImageInformation.o [1]
assist3                      0x45b2     0x1  Data  Gb  ImageInformation.o [1]
assist4                      0x45b3     0x1  Data  Gb  ImageInformation.o [1]
assist5                      0x45b4     0x1  Data  Gb  ImageInformation.o [1]
assist_ADD                   0x45b5     0x1  Data  Gb  ImageInformation.o [1]
assist_ADD1                  0x45b6     0x1  Data  Gb  ImageInformation.o [1]
assist_ADD2                  0x45b7     0x1  Data  Gb  ImageInformation.o [1]
assist_ADD3                  0x45b8     0x1  Data  Gb  ImageInformation.o [1]
assist_ADDr1                 0x45c2     0x1  Data  Gb  ImageInformation.o [1]
assist_ADDr2                 0x45c1     0x1  Data  Gb  ImageInformation.o [1]
assist_ADDr3                 0x45c3     0x1  Data  Gb  ImageInformation.o [1]
assist_rADD                  0x45c0     0x1  Data  Gb  ImageInformation.o [1]
assistr0                     0x45ba     0x1  Data  Gb  ImageInformation.o [1]
assistr1                     0x45bb     0x1  Data  Gb  ImageInformation.o [1]
assistr2                     0x45bc     0x1  Data  Gb  ImageInformation.o [1]
assistr3                     0x45bd     0x1  Data  Gb  ImageInformation.o [1]
assistr4                     0x45be     0x1  Data  Gb  ImageInformation.o [1]
assistr5                     0x45bf     0x1  Data  Gb  ImageInformation.o [1]
ave_center                    0x111     0x1  Data  Gb  ImageInformation.o [1]
bian_line                    0x1e58    0x78  Data  Gb  ImageInformation.o [1]
bmp_buff                     0x1fec  0x12c0  Data  Gb  main.o [1]
center_line                  0x1ed4    0xf0  Data  Gb  ImageInformation.o [1]
compress_buff                0x32ac  0x12c0  Data  Gb  main.o [1]
distence                        0x8    0x40  Data  Gb  ImageInformation.o [1]
distence2                      0x48    0x40  Data  Gb  ImageInformation.o [1]
exit                    0x1000'751b     0x4  Code  Gb  exit.o [2]
flag_imgbuff                 0x45ee     0x1  Data  Gb  main.o [1]
gImageBuffer                 0x13dc   0x960  Data  Gb  Camera.o [1]
g_xtal0Freq                  0x1d6c     0x4  Data  Gb  fsl_clock.o [1]
h_left_lost                  0x45ce     0x1  Data  Gb  ImageInformation.o [1]
h_ov7725                     0x456c    0x10  Data  Gb  ov7725.o [1]
h_right_lost                 0x45cf     0x1  Data  Gb  ImageInformation.o [1]
i                            0x45c6     0x1  Data  Gb  ImageInformation.o [1]
i2c                          0x1e40     0xc  Data  Lc  i2c.o [1]
img_buff                      0x118     0x4  Data  Gb  Camera.o [1]
j                            0x45c7     0x1  Data  Gb  ImageInformation.o [1]
key_config                   0x458a     0x2  Data  Gb  key.o [1]
l                            0x45c8     0x1  Data  Gb  ImageInformation.o [1]
left_lost                    0x45cc     0x1  Data  Gb  ImageInformation.o [1]
main                    0x1000'6b89   0x14c  Code  Gb  main.o [1]
mcgConfig_BOARD_BootClockRUN
                        0x1000'7664     0xc  Data  Gb  clock_config.o [1]
memchr                  0x1000'3e61          Code  Gb  memchr.o [4]
num_ave                      0x45c9     0x1  Data  Gb  ImageInformation.o [1]
oled_display_6x8char    0x1000'59a1    0x58  Code  Gb  bsp_my_oled.o [1]
oled_display_6x8str     0x1000'59f9    0x72  Code  Gb  bsp_my_oled.o [1]
oled_print_short        0x1000'5a6b   0x104  Code  Gb  bsp_my_oled.o [1]
oscConfig_BOARD_BootClockRUN
                        0x1000'7684     0x8  Data  Gb  clock_config.o [1]
ov7725_addr                   0x112     0x1  Data  Lc  ov7725.o [1]
ov7725_probe            0x1000'32bd    0x96  Code  Gb  ov7725.o [1]
ov7725_set_image_size   0x1000'3353   0x128  Code  Gb  ov7725.o [1]
pit_delay               0x1000'3d35    0x4a  Code  Gb  board.o [1]
point                         0x110     0x1  Data  Gb  ImageInformation.o [1]
printf                  0x1000'2b49    0x28  Code  Gb  printf.o [2]
putchar                 0x1000'74d5    0x20  Code  Gb  putchar.o [2]
reg_tbl                 0x1000'7350    0x60  Data  Lc  ov7725.o [1]
right_lost                   0x45cd     0x1  Data  Gb  ImageInformation.o [1]
s_EDMAHandle                 0x1d80    0x80  Data  Lc  fsl_edma.o [1]
s_debugConsole               0x1d70    0x10  Data  Lc  fsl_debug_console.o [1]
s_fastIrcFreq                   0x4     0x4  Data  Lc  fsl_clock.o [1]
s_ftmBases              0x1000'7644    0x10  Data  Lc  fsl_ftm.o [1]
s_ftmClocks             0x1000'7654    0x10  Data  Lc  fsl_ftm.o [1]
s_i2cHandle                  0x1e00     0x8  Data  Lc  fsl_i2c.o [1]
s_i2cMasterIsr               0x1e08     0x4  Data  Lc  fsl_i2c.o [1]
s_i2cSlaveIsr                0x1e0c     0x4  Data  Lc  fsl_i2c.o [1]
s_slowIrcFreq                   0x0     0x4  Data  Lc  fsl_clock.o [1]
s_uartBases             0x1000'7598    0x18  Data  Lc  fsl_uart.o [1]
s_uartClock             0x1000'75b0    0x18  Data  Lc  fsl_uart.o [1]
s_uartHandle                 0x1e10    0x18  Data  Lc  fsl_uart.o [1]
s_uartIsr                    0x1e28     0x4  Data  Lc  fsl_uart.o [1]
sec_hand                     0x4580     0x4  Data  Lc  xfail_s.o [2]
shi_flag                     0x45d4     0x1  Data  Gb  ImageInformation.o [1]
simConfig_BOARD_BootClockRUN
                        0x1000'767c     0x8  Data  Gb  clock_config.o [1]
strchr                  0x1000'3d99          Code  Gb  strchr.o [4]
strlen                  0x1000'3e29          Code  Gb  strlen.o [4]
sum_center                   0x1ed0     0x4  Data  Gb  ImageInformation.o [1]
tubian_num                   0x45ca     0x1  Data  Gb  ImageInformation.o [1]
tubian_num_H                 0x45cb     0x1  Data  Gb  ImageInformation.o [1]
za_flag                      0x45d2     0x1  Data  Gb  ImageInformation.o [1]
za_flag_l                    0x45d1     0x1  Data  Gb  ImageInformation.o [1]
za_flag_r                    0x45d0     0x1  Data  Gb  ImageInformation.o [1]
zhangai                      0x45d3     0x1  Data  Gb  ImageInformation.o [1]


[1] = C:\Users\JinZhaoxiang\Desktop\飞卡\复兴三号—KV58版(省赛)\iar\debug\obj
[2] = dl7M_tln.a
[3] = m7M_tls.a
[4] = rt7M_tl.a
[5] = shb_l.a

  29 414 bytes of readonly  code memory
   1 388 bytes of readonly  data memory
  18 925 bytes of readwrite data memory

Errors: none
Warnings: none
